{
    "-profile test": {
        "content": [
            {
                "DIAMOND_BLASTP": {
                    "diamond": "2.1.12"
                },
                "DIAMOND_MAKEDB": {
                    "diamond": "2.1.12"
                },
                "FX2TAB": {
                    "pandas": "2.3.2"
                },
                "PGTOOLS_MERGEFASTA": {
                    "tcdo_pg_tools": "0.1.0"
                },
                "PHILOSOPHER_DATABASE": {
                    "philosopher": "5.1.2"
                },
                "Workflow": {
                    "shahcompbio/orfology": "v1.0.0dev"
                }
            },
            [
                "diamond",
                "diamond/UP000005640.dmnd",
                "diamond/all_proteins_merged.txt",
                "fx2tab",
                "fx2tab/info_table.tsv",
                "pgtools",
                "pgtools/all_proteins_merged.fasta",
                "pgtools/all_proteins_merged_info_table.tsv",
                "philosopher",
                "philosopher/2025-10-20-isoforms-UP000005640.fas",
                "pipeline_info",
                "pipeline_info/orfology_software_mqc_versions.yml"
            ],
            [
                "UP000005640.dmnd:md5,921cf72fb066bba37e5b53dc1fdc8e2a",
                "all_proteins_merged.txt:md5,964a530c903719b2fb62390d21ce2de8",
                "all_proteins_merged.fasta:md5,0b127c1ae565de5bd0988162325046a8",
                "all_proteins_merged_info_table.tsv:md5,dd1bf97d4fb341060f5ccbb5bca23ea0"
            ]
        ],
        "meta": {
            "nf-test": "0.9.3",
            "nextflow": "25.04.8"
        },
        "timestamp": "2025-10-20T14:18:26.664868"
    }
}